
Discarded input sections

 .bss           0x00000000        0x0 build/flash.o
 .ARM.attributes
                0x00000000        0x0 build/flash.o
 .glue_7        0x00000000        0x0 build/flash.o
 .glue_7t       0x00000000        0x0 build/flash.o
 .vfp11_veneer  0x00000000        0x0 build/flash.o
 .janus_2cc_veneer
                0x00000000        0x0 build/flash.o
 .v4_bx         0x00000000        0x0 build/flash.o
 .bss           0x00000000        0x0 build/framebuffer.o
 .ARM.attributes
                0x00000000        0x0 build/framebuffer.o
 .glue_7        0x00000000        0x0 build/framebuffer.o
 .glue_7t       0x00000000        0x0 build/framebuffer.o
 .vfp11_veneer  0x00000000        0x0 build/framebuffer.o
 .janus_2cc_veneer
                0x00000000        0x0 build/framebuffer.o
 .v4_bx         0x00000000        0x0 build/framebuffer.o
 .bss           0x00000000        0x0 build/gpio.o
 .ARM.attributes
                0x00000000        0x0 build/gpio.o
 .glue_7        0x00000000        0x0 build/gpio.o
 .glue_7t       0x00000000        0x0 build/gpio.o
 .vfp11_veneer  0x00000000        0x0 build/gpio.o
 .janus_2cc_veneer
                0x00000000        0x0 build/gpio.o
 .v4_bx         0x00000000        0x0 build/gpio.o
 .bss           0x00000000        0x0 build/mailbox.o
 .ARM.attributes
                0x00000000        0x0 build/mailbox.o
 .glue_7        0x00000000        0x0 build/mailbox.o
 .glue_7t       0x00000000        0x0 build/mailbox.o
 .vfp11_veneer  0x00000000        0x0 build/mailbox.o
 .janus_2cc_veneer
                0x00000000        0x0 build/mailbox.o
 .v4_bx         0x00000000        0x0 build/mailbox.o
 .bss           0x00000000        0x0 build/main.o
 .ARM.attributes
                0x00000000        0x0 build/main.o
 .glue_7        0x00000000        0x0 build/main.o
 .glue_7t       0x00000000        0x0 build/main.o
 .vfp11_veneer  0x00000000        0x0 build/main.o
 .janus_2cc_veneer
                0x00000000        0x0 build/main.o
 .v4_bx         0x00000000        0x0 build/main.o
 .bss           0x00000000        0x0 build/systemTimer.o
 .ARM.attributes
                0x00000000        0x0 build/systemTimer.o
 .glue_7        0x00000000        0x0 build/systemTimer.o
 .glue_7t       0x00000000        0x0 build/systemTimer.o
 .vfp11_veneer  0x00000000        0x0 build/systemTimer.o
 .janus_2cc_veneer
                0x00000000        0x0 build/systemTimer.o
 .v4_bx         0x00000000        0x0 build/systemTimer.o

Memory Configuration

Name             Origin             Length             Attributes
*default*        0x00000000         0xffffffff

Linker script and memory map

LOAD build/flash.o
LOAD build/framebuffer.o
LOAD build/gpio.o
LOAD build/mailbox.o
LOAD build/main.o
LOAD build/systemTimer.o

.init           0x00008000        0x4
 *(.init)
 .init          0x00008000        0x4 build/main.o
                0x00008000                _start

.text           0x00008004      0x268
 *(.text)
 .text          0x00008004       0x6c build/flash.o
                0x00008004                FlashLED
 .text          0x00008070       0x60 build/framebuffer.o
                0x00008070                InitialiseFrameBuffer
 .text          0x000080d0       0x80 build/gpio.o
                0x000080d8                SetGpioFunction
                0x000080d0                GetGpioAddress
                0x00008110                SetGpio
 .text          0x00008150       0x78 build/mailbox.o
                0x0000818c                MailboxRead
                0x00008158                MailboxWrite
                0x00008150                GetMailboxBase
 .text          0x000081c8       0x64 build/main.o
 .text          0x0000822c       0x40 build/systemTimer.o
                0x0000822c                GetSystemTimerBase
                0x00008244                Wait
                0x00008234                GetTimeStamp

.data           0x00008300      0x100
 *(.data)
 .data          0x00008300        0x0 build/flash.o
 .data          0x00008300      0x100 build/framebuffer.o
                0x00008300                FrameBufferInfo
 .data          0x00008400        0x0 build/gpio.o
 .data          0x00008400        0x0 build/mailbox.o
 .data          0x00008400        0x0 build/main.o
 .data          0x00008400        0x0 build/systemTimer.o

/DISCARD/
 *(*)
OUTPUT(build/output.elf elf32-littlearm)
